2026-05-26 15:21:02.445 [    INFO] (           server.py: 288) Starting InstrumentServer RPyC server...
2026-05-26 15:21:02.452 [    INFO] (           server.py: 251) server started on [127.0.0.1]:42068
2026-05-26 15:21:02.536 [    INFO] (           server.py: 288) Starting InstrumentServer RPyC server...
2026-05-26 15:21:02.541 [CRITICAL] (          logging.py:  32) Exception in thread Thread-1 (_rpyc_server_thread):
2026-05-26 15:21:02.541 [CRITICAL] (          logging.py:  32) Traceback (most recent call last):
2026-05-26 15:21:02.542 [CRITICAL] (          logging.py:  32)   File "C:\Users\awsch\miniconda3\envs\nsp\Lib\threading.py", line 1045, in _bootstrap_inner
2026-05-26 15:21:02.543 [CRITICAL] (          logging.py:  32)     self.run()
2026-05-26 15:21:02.543 [CRITICAL] (          logging.py:  32)   File "C:\Users\awsch\miniconda3\envs\nsp\Lib\threading.py", line 982, in run
2026-05-26 15:21:02.544 [CRITICAL] (          logging.py:  32)     self._target(*self._args, **self._kwargs)
2026-05-26 15:21:02.545 [CRITICAL] (          logging.py:  32)   File "C:\Users\awsch\miniconda3\envs\nsp\Lib\site-packages\nspyre\instrument\server.py", line 289, in _rpyc_server_thread
2026-05-26 15:21:02.546 [CRITICAL] (          logging.py:  32)     self._rpyc_server = ThreadedServer(
2026-05-26 15:21:02.547 [CRITICAL] (          logging.py:  32)                         ^^^^^^^^^^^^^^^
2026-05-26 15:21:02.547 [CRITICAL] (          logging.py:  32)   File "C:\Users\awsch\miniconda3\envs\nsp\Lib\site-packages\rpyc\utils\server.py", line 91, in __init__
2026-05-26 15:21:02.549 [CRITICAL] (          logging.py:  32)     self.listener.bind(address)
2026-05-26 15:21:02.549 [    INFO] (           server.py: 212) Added device [odmr_driver] with args: [] kwargs: {}.
2026-05-26 15:21:02.549 [CRITICAL] (          logging.py:  32) OSError: [WinError 10048] Only one usage of each socket address (protocol/network address/port) is normally permitted
2026-05-26 15:21:02.650 [   DEBUG] (        highlevel.py:2883) No visa library specified, trying to find alternatives.
2026-05-26 15:21:02.651 [   DEBUG] (        highlevel.py:2887) Environment variable PYVISA_LIBRARY is unset.
2026-05-26 15:21:02.660 [   DEBUG] (             util.py: 142) No user defined configuration
2026-05-26 15:21:02.665 [   DEBUG] (        highlevel.py:  97) Automatically found library files: [None, 'C:\\WINDOWS\\system32\\visa32.dll', 'C:\\WINDOWS\\system32\\visa32.dll', 'C:\\WINDOWS\\system32\\visa64.dll', 'C:\\WINDOWS\\system32\\visa64.dll']
2026-05-26 15:21:02.666 [   DEBUG] (             util.py: 100) No user defined library files
2026-05-26 15:21:02.666 [   DEBUG] (        highlevel.py:2847) The IVI implementation available
2026-05-26 15:21:02.667 [   DEBUG] (             util.py: 142) No user defined configuration
2026-05-26 15:21:02.673 [   DEBUG] (        highlevel.py:  97) Automatically found library files: [None, 'C:\\WINDOWS\\system32\\visa32.dll', 'C:\\WINDOWS\\system32\\visa32.dll', 'C:\\WINDOWS\\system32\\visa64.dll', 'C:\\WINDOWS\\system32\\visa64.dll']
2026-05-26 15:21:02.673 [   DEBUG] (             util.py: 100) No user defined library files
2026-05-26 15:21:02.677 [   DEBUG] (        highlevel.py: 174) Library signatures: 90 ok, 0 failed
2026-05-26 15:21:02.677 [   DEBUG] (        highlevel.py: 201) Created library wrapper for C:\WINDOWS\system32\visa32.dll
2026-05-26 15:21:02.742 [   DEBUG] (        highlevel.py: 186) viOpenDefaultRM('<ViObject object at 0x000001A2CB9FA250>',) -> 0
2026-05-26 15:21:02.742 [   DEBUG] (        highlevel.py:3019) Created ResourceManager with session 4097
2026-05-26 15:21:02.743 [   DEBUG] (        highlevel.py: 186) viParseRsrcEx(4097, 'USB0::0x1313::0x8072::1916964::INSTR', 'c_ushort(7)', 'c_ushort(0)', <ctypes.c_char_Array_256 object at 0x000001A2CBA34AD0>, <ctypes.c_char_Array_256 object at 0x000001A2CBA34B50>, <ctypes.c_char_Array_256 object at 0x000001A2CBA34BD0>) -> 0
2026-05-26 15:21:02.744 [   DEBUG] (         resource.py: 277) USB0::0x1313::0x8072::1916964::0::INSTR - opening ...
2026-05-26 15:21:02.749 [   DEBUG] (        highlevel.py: 186) viOpen(4097, 'USB0::0x1313::0x8072::1916964::0::INSTR', <AccessModes.no_lock: 0>, 0, '<ViObject object at 0x000001A2CBA34B50>') -> 0
2026-05-26 15:21:02.750 [   DEBUG] (         resource.py: 302) USB0::0x1313::0x8072::1916964::0::INSTR - is open with session 1
2026-05-26 15:21:02.750 [   DEBUG] (        highlevel.py: 186) viSetAttribute(1, 1073676314, 2000) -> 0
2026-05-26 15:21:02.750 [   DEBUG] (        highlevel.py: 186) viWrite(1, b'*IDN?\r\n', 7, 'c_ulong(7)') -> 0
2026-05-26 15:21:02.751 [   DEBUG] (     messagebased.py: 435) USB0::0x1313::0x8072::1916964::0::INSTR - reading 20480 bytes (last status <StatusCode.success_max_count_read: 1073676294>)
2026-05-26 15:21:02.751 [   DEBUG] (        highlevel.py: 186) viRead(1, <ctypes.c_char_Array_20480 object at 0x000001A2CBA35150>, 20480, 'c_ulong(32)') -> 0
2026-05-26 15:21:02.752 [   DEBUG] (        highlevel.py: 186) viWrite(1, b'SYST:SENS:IDN?\r\n', 16, 'c_ulong(16)') -> 0
2026-05-26 15:21:02.752 [   DEBUG] (     messagebased.py: 435) USB0::0x1313::0x8072::1916964::0::INSTR - reading 20480 bytes (last status <StatusCode.success_max_count_read: 1073676294>)
2026-05-26 15:21:02.755 [   DEBUG] (        highlevel.py: 186) viRead(1, <ctypes.c_char_Array_20480 object at 0x000001A2CBA351D0>, 20480, 'c_ulong(37)') -> 0
2026-05-26 15:21:02.755 [   DEBUG] (        highlevel.py: 186) viWrite(1, b'SENS:CORR:WAV?\r\n', 16, 'c_ulong(16)') -> 0
2026-05-26 15:21:02.756 [   DEBUG] (     messagebased.py: 435) USB0::0x1313::0x8072::1916964::0::INSTR - reading 20480 bytes (last status <StatusCode.success_max_count_read: 1073676294>)
2026-05-26 15:21:02.758 [   DEBUG] (        highlevel.py: 186) viRead(1, <ctypes.c_char_Array_20480 object at 0x000001A2CBA354D0>, 20480, 'c_ulong(13)') -> 0
2026-05-26 15:21:02.758 [    INFO] (         PM100USB.py:  47) Connected to PM100USB [USB0::0x1313::0x8072::1916964::INSTR Thorlabs,PM100USB,1916964,1.7.0
].
2026-05-26 15:21:02.758 [    INFO] (           server.py: 212) Added device [powerMeter_driver] with args: ['USB0::0x1313::0x8072::1916964::INSTR'] kwargs: {}.
2026-05-26 15:21:02.869 [    INFO] (           server.py: 212) Added device [ni_analogTasks] with args: [] kwargs: {}.
2026-05-26 15:21:02.871 [    INFO] (           server.py: 212) Added device [ni_photonCounting] with args: [] kwargs: {}.
2026-05-26 15:21:03.053 [    INFO] (           server.py: 212) Added device [ni_motionControl] with args: [] kwargs: {}.
2026-05-26 15:21:03.223 [   DEBUG] (   connectionpool.py: 241) Starting new HTTP connection (1): 192.168.1.105:8050
2026-05-26 15:21:03.228 [   DEBUG] (   connectionpool.py: 544) http://192.168.1.105:8050 "POST /json-rpc HTTP/1.1" 200 None
2026-05-26 15:21:03.230 [   DEBUG] (   connectionpool.py: 241) Starting new HTTP connection (1): 192.168.1.105:8050
2026-05-26 15:21:03.255 [   DEBUG] (   connectionpool.py: 544) http://192.168.1.105:8050 "POST /json-rpc HTTP/1.1" 200 None
2026-05-26 15:21:03.256 [    INFO] (             PS82.py:  62) Connected to Swabian 8/2 Pulse Streamer [<PS82.PS82Instrument object at 0x000001A2CD350350>].
2026-05-26 15:21:03.257 [    INFO] (           server.py: 212) Added device [pulseStreamer_driver] with args: ['192.168.1.105'] kwargs: {}.
2026-05-26 15:21:03.260 [    INFO] (           server.py: 212) Added device [srs_driver] with args: [] kwargs: {}.
2026-05-26 15:21:03.264 [   DEBUG] (        highlevel.py:2883) No visa library specified, trying to find alternatives.
2026-05-26 15:21:03.264 [   DEBUG] (        highlevel.py:2887) Environment variable PYVISA_LIBRARY is unset.
2026-05-26 15:21:03.265 [   DEBUG] (             util.py: 142) No user defined configuration
2026-05-26 15:21:03.271 [   DEBUG] (        highlevel.py:  97) Automatically found library files: [None, 'C:\\WINDOWS\\system32\\visa32.dll', 'C:\\WINDOWS\\system32\\visa32.dll', 'C:\\WINDOWS\\system32\\visa64.dll', 'C:\\WINDOWS\\system32\\visa64.dll']
2026-05-26 15:21:03.272 [   DEBUG] (             util.py: 100) No user defined library files
2026-05-26 15:21:03.272 [   DEBUG] (        highlevel.py:2847) The IVI implementation available
2026-05-26 15:21:03.273 [   DEBUG] (             util.py: 142) No user defined configuration
2026-05-26 15:21:03.279 [   DEBUG] (        highlevel.py:  97) Automatically found library files: [None, 'C:\\WINDOWS\\system32\\visa32.dll', 'C:\\WINDOWS\\system32\\visa32.dll', 'C:\\WINDOWS\\system32\\visa64.dll', 'C:\\WINDOWS\\system32\\visa64.dll']
2026-05-26 15:21:03.280 [   DEBUG] (             util.py: 100) No user defined library files
2026-05-26 15:21:03.280 [   DEBUG] (        highlevel.py:2996) Reusing ResourceManager with session 4097
2026-05-26 15:21:03.282 [   DEBUG] (        highlevel.py: 186) viParseRsrcEx(4097, 'GPIB1::19::INSTR', 'c_ushort(1)', 'c_ushort(1)', <ctypes.c_char_Array_256 object at 0x000001A2CE21BD50>, <ctypes.c_char_Array_256 object at 0x000001A2CE21BDD0>, <ctypes.c_char_Array_256 object at 0x000001A2CE21BE50>) -> 0
2026-05-26 15:21:03.282 [   DEBUG] (         resource.py: 277) GPIB1::19::INSTR - opening ...
2026-05-26 15:21:03.353 [   DEBUG] (        highlevel.py: 186) viOpen(4097, 'GPIB1::19::INSTR', <AccessModes.no_lock: 0>, 0, '<ViObject object at 0x000001A2CE21BD50>') -> 0
2026-05-26 15:21:03.354 [   DEBUG] (         resource.py: 302) GPIB1::19::INSTR - is open with session 2
2026-05-26 15:21:03.355 [   DEBUG] (        highlevel.py: 186) viSetAttribute(2, 1073676314, 2000) -> 0
2026-05-26 15:21:03.357 [   DEBUG] (        highlevel.py: 186) viWrite(2, b'*IDN?\r\n', 7, 'c_ulong(7)') -> 0
2026-05-26 15:21:03.357 [   DEBUG] (     messagebased.py: 435) GPIB1::19::INSTR - reading 20480 bytes (last status <StatusCode.success_max_count_read: 1073676294>)
2026-05-26 15:21:03.359 [   DEBUG] (        highlevel.py: 186) viRead(2, <ctypes.c_char_Array_20480 object at 0x000001A2CE288450>, 20480, 'c_ulong(50)') -> 0
2026-05-26 15:21:03.359 [    INFO] (           e8257d.py:  45) Connected to E8257D [GPIB1::19::INSTR Agilent Technologies, E8257D, MY46410278, C.04.71
].
2026-05-26 15:21:03.360 [    INFO] (           server.py: 212) Added device [e8257d_driver2] with args: ['GPIB1::19::INSTR'] kwargs: {}.
2026-05-26 15:21:03.378 [    INFO] (           server.py: 157) accepted ('127.0.0.1', 63624) with fd 1980
2026-05-26 15:21:03.379 [    INFO] (           server.py: 200) welcome ('127.0.0.1', 63624)
2026-05-26 15:21:03.380 [    INFO] (           server.py: 157) accepted ('127.0.0.1', 63625) with fd 1800
2026-05-26 15:21:03.380 [    INFO] (           server.py: 352) Client <rpyc.core.protocol.Connection 'conn1' object at 0x000001A2CE279750> connected.
2026-05-26 15:21:03.380 [    INFO] (           server.py: 200) welcome ('127.0.0.1', 63625)
2026-05-26 15:21:03.381 [    INFO] (           server.py: 352) Client <rpyc.core.protocol.Connection 'conn2' object at 0x000001A2CE279C50> connected.
