2026-06-08 12:11:59.123 [    INFO] (           server.py: 288) Starting InstrumentServer RPyC server...
2026-06-08 12:11:59.131 [    INFO] (           server.py: 251) server started on [127.0.0.1]:42068
2026-06-08 12:11:59.228 [    INFO] (           server.py: 212) Added device [odmr_driver] with args: [] kwargs: {}.
2026-06-08 12:11:59.338 [   DEBUG] (        highlevel.py:2883) No visa library specified, trying to find alternatives.
2026-06-08 12:11:59.339 [   DEBUG] (        highlevel.py:2887) Environment variable PYVISA_LIBRARY is unset.
2026-06-08 12:11:59.356 [   DEBUG] (             util.py: 142) No user defined configuration
2026-06-08 12:11:59.364 [   DEBUG] (        highlevel.py:  97) Automatically found library files: [None, 'C:\\WINDOWS\\system32\\visa32.dll', 'C:\\WINDOWS\\system32\\visa32.dll', 'C:\\WINDOWS\\system32\\visa64.dll', 'C:\\WINDOWS\\system32\\visa64.dll']
2026-06-08 12:11:59.365 [   DEBUG] (             util.py: 100) No user defined library files
2026-06-08 12:11:59.365 [   DEBUG] (        highlevel.py:2847) The IVI implementation available
2026-06-08 12:11:59.366 [   DEBUG] (             util.py: 142) No user defined configuration
2026-06-08 12:11:59.373 [   DEBUG] (        highlevel.py:  97) Automatically found library files: [None, 'C:\\WINDOWS\\system32\\visa32.dll', 'C:\\WINDOWS\\system32\\visa32.dll', 'C:\\WINDOWS\\system32\\visa64.dll', 'C:\\WINDOWS\\system32\\visa64.dll']
2026-06-08 12:11:59.374 [   DEBUG] (             util.py: 100) No user defined library files
2026-06-08 12:11:59.390 [   DEBUG] (        highlevel.py: 174) Library signatures: 90 ok, 0 failed
2026-06-08 12:11:59.391 [   DEBUG] (        highlevel.py: 201) Created library wrapper for C:\WINDOWS\system32\visa32.dll
2026-06-08 12:12:00.118 [   DEBUG] (        highlevel.py: 186) viOpenDefaultRM('<ViObject object at 0x00000250955EA250>',) -> 0
2026-06-08 12:12:00.119 [   DEBUG] (        highlevel.py:3019) Created ResourceManager with session 4097
2026-06-08 12:12:00.120 [   DEBUG] (        highlevel.py: 186) viParseRsrcEx(4097, 'USB0::0x1313::0x8072::1916964::INSTR', 'c_ushort(7)', 'c_ushort(0)', <ctypes.c_char_Array_256 object at 0x0000025095624AD0>, <ctypes.c_char_Array_256 object at 0x0000025095624B50>, <ctypes.c_char_Array_256 object at 0x0000025095624BD0>) -> 0
2026-06-08 12:12:00.121 [   DEBUG] (         resource.py: 277) USB0::0x1313::0x8072::1916964::0::INSTR - opening ...
2026-06-08 12:12:00.126 [   DEBUG] (        highlevel.py: 186) viOpen(4097, 'USB0::0x1313::0x8072::1916964::0::INSTR', <AccessModes.no_lock: 0>, 0, '<ViObject object at 0x0000025095624B50>') -> 0
2026-06-08 12:12:00.127 [   DEBUG] (         resource.py: 302) USB0::0x1313::0x8072::1916964::0::INSTR - is open with session 1
2026-06-08 12:12:00.127 [   DEBUG] (        highlevel.py: 186) viSetAttribute(1, 1073676314, 2000) -> 0
2026-06-08 12:12:00.127 [   DEBUG] (        highlevel.py: 186) viWrite(1, b'*IDN?\r\n', 7, 'c_ulong(7)') -> 0
2026-06-08 12:12:00.128 [   DEBUG] (     messagebased.py: 435) USB0::0x1313::0x8072::1916964::0::INSTR - reading 20480 bytes (last status <StatusCode.success_max_count_read: 1073676294>)
2026-06-08 12:12:00.128 [   DEBUG] (        highlevel.py: 186) viRead(1, <ctypes.c_char_Array_20480 object at 0x0000025095625150>, 20480, 'c_ulong(32)') -> 0
2026-06-08 12:12:00.128 [   DEBUG] (        highlevel.py: 186) viWrite(1, b'SYST:SENS:IDN?\r\n', 16, 'c_ulong(16)') -> 0
2026-06-08 12:12:00.129 [   DEBUG] (     messagebased.py: 435) USB0::0x1313::0x8072::1916964::0::INSTR - reading 20480 bytes (last status <StatusCode.success_max_count_read: 1073676294>)
2026-06-08 12:12:00.132 [   DEBUG] (        highlevel.py: 186) viRead(1, <ctypes.c_char_Array_20480 object at 0x00000250956251D0>, 20480, 'c_ulong(37)') -> 0
2026-06-08 12:12:00.132 [   DEBUG] (        highlevel.py: 186) viWrite(1, b'SENS:CORR:WAV?\r\n', 16, 'c_ulong(16)') -> 0
2026-06-08 12:12:00.133 [   DEBUG] (     messagebased.py: 435) USB0::0x1313::0x8072::1916964::0::INSTR - reading 20480 bytes (last status <StatusCode.success_max_count_read: 1073676294>)
2026-06-08 12:12:00.135 [   DEBUG] (        highlevel.py: 186) viRead(1, <ctypes.c_char_Array_20480 object at 0x00000250956254D0>, 20480, 'c_ulong(13)') -> 0
2026-06-08 12:12:00.135 [    INFO] (         PM100USB.py:  47) Connected to PM100USB [USB0::0x1313::0x8072::1916964::INSTR Thorlabs,PM100USB,1916964,1.7.0
].
2026-06-08 12:12:00.135 [    INFO] (           server.py: 212) Added device [powerMeter_driver] with args: ['USB0::0x1313::0x8072::1916964::INSTR'] kwargs: {}.
2026-06-08 12:12:00.274 [    INFO] (           server.py: 212) Added device [ni_analogTasks] with args: [] kwargs: {}.
2026-06-08 12:12:00.276 [    INFO] (           server.py: 212) Added device [ni_photonCounting] with args: [] kwargs: {}.
2026-06-08 12:12:00.385 [    INFO] (           server.py: 157) accepted ('127.0.0.1', 52679) with fd 1392
2026-06-08 12:12:00.405 [    INFO] (           server.py: 200) welcome ('127.0.0.1', 52679)
2026-06-08 12:12:00.406 [    INFO] (           server.py: 352) Client <rpyc.core.protocol.Connection 'conn1' object at 0x0000025096F3BB10> connected.
2026-06-08 12:12:01.986 [    INFO] (           server.py: 212) Added device [ni_motionControl] with args: [] kwargs: {}.
2026-06-08 12:12:02.219 [   DEBUG] (   connectionpool.py: 241) Starting new HTTP connection (1): 192.168.1.105:8050
2026-06-08 12:12:02.225 [   DEBUG] (   connectionpool.py: 544) http://192.168.1.105:8050 "POST /json-rpc HTTP/1.1" 200 None
2026-06-08 12:12:02.227 [   DEBUG] (   connectionpool.py: 241) Starting new HTTP connection (1): 192.168.1.105:8050
2026-06-08 12:12:02.242 [   DEBUG] (   connectionpool.py: 544) http://192.168.1.105:8050 "POST /json-rpc HTTP/1.1" 200 None
2026-06-08 12:12:02.244 [    INFO] (             PS82.py:  62) Connected to Swabian 8/2 Pulse Streamer [<PS82.PS82Instrument object at 0x0000025096F3D3D0>].
2026-06-08 12:12:02.245 [    INFO] (           server.py: 212) Added device [pulseStreamer_driver] with args: ['192.168.1.105'] kwargs: {}.
2026-06-08 12:12:02.249 [    INFO] (           server.py: 212) Added device [srs_driver] with args: [] kwargs: {}.
2026-06-08 12:12:02.253 [   DEBUG] (        highlevel.py:2883) No visa library specified, trying to find alternatives.
2026-06-08 12:12:02.254 [   DEBUG] (        highlevel.py:2887) Environment variable PYVISA_LIBRARY is unset.
2026-06-08 12:12:02.254 [   DEBUG] (             util.py: 142) No user defined configuration
2026-06-08 12:12:02.261 [   DEBUG] (        highlevel.py:  97) Automatically found library files: [None, 'C:\\WINDOWS\\system32\\visa32.dll', 'C:\\WINDOWS\\system32\\visa32.dll', 'C:\\WINDOWS\\system32\\visa64.dll', 'C:\\WINDOWS\\system32\\visa64.dll']
2026-06-08 12:12:02.262 [   DEBUG] (             util.py: 100) No user defined library files
2026-06-08 12:12:02.262 [   DEBUG] (        highlevel.py:2847) The IVI implementation available
2026-06-08 12:12:02.263 [   DEBUG] (             util.py: 142) No user defined configuration
2026-06-08 12:12:02.268 [   DEBUG] (        highlevel.py:  97) Automatically found library files: [None, 'C:\\WINDOWS\\system32\\visa32.dll', 'C:\\WINDOWS\\system32\\visa32.dll', 'C:\\WINDOWS\\system32\\visa64.dll', 'C:\\WINDOWS\\system32\\visa64.dll']
2026-06-08 12:12:02.269 [   DEBUG] (             util.py: 100) No user defined library files
2026-06-08 12:12:02.269 [   DEBUG] (        highlevel.py:2996) Reusing ResourceManager with session 4097
2026-06-08 12:12:02.366 [   DEBUG] (        highlevel.py: 186) viParseRsrcEx(4097, 'GPIB1::19::INSTR', 'c_ushort(1)', 'c_ushort(1)', <ctypes.c_char_Array_256 object at 0x0000025097E1BED0>, <ctypes.c_char_Array_256 object at 0x0000025097E1BF50>, <ctypes.c_char_Array_256 object at 0x0000025097E88050>) -> 0
2026-06-08 12:12:02.367 [   DEBUG] (         resource.py: 277) GPIB1::19::INSTR - opening ...
2026-06-08 12:12:02.417 [   DEBUG] (        highlevel.py: 186) viOpen(4097, 'GPIB1::19::INSTR', <AccessModes.no_lock: 0>, 0, '<ViObject object at 0x0000025097E1BE50>') -> 0
2026-06-08 12:12:02.417 [   DEBUG] (         resource.py: 302) GPIB1::19::INSTR - is open with session 2
2026-06-08 12:12:02.419 [   DEBUG] (        highlevel.py: 186) viSetAttribute(2, 1073676314, 2000) -> 0
2026-06-08 12:12:02.421 [   DEBUG] (        highlevel.py: 186) viWrite(2, b'*IDN?\r\n', 7, 'c_ulong(7)') -> 0
2026-06-08 12:12:02.421 [   DEBUG] (     messagebased.py: 435) GPIB1::19::INSTR - reading 20480 bytes (last status <StatusCode.success_max_count_read: 1073676294>)
2026-06-08 12:12:02.423 [   DEBUG] (        highlevel.py: 186) viRead(2, <ctypes.c_char_Array_20480 object at 0x0000025097E885D0>, 20480, 'c_ulong(50)') -> 0
2026-06-08 12:12:02.423 [    INFO] (           e8257d.py:  45) Connected to E8257D [GPIB1::19::INSTR Agilent Technologies, E8257D, MY46410278, C.04.71
].
2026-06-08 12:12:02.424 [    INFO] (           server.py: 212) Added device [e8257d_driver2] with args: ['GPIB1::19::INSTR'] kwargs: {}.
2026-06-09 20:31:02.224 [    INFO] (           server.py: 356) Client <rpyc.core.protocol.Connection 'conn1' object at 0x0000025096F3BB10> disconnected.
2026-06-09 20:31:02.234 [    INFO] (           server.py: 207) goodbye ('127.0.0.1', 52679)
