2026-05-29 17:49:49.446 [    INFO] (           server.py: 288) Starting InstrumentServer RPyC server...
2026-05-29 17:49:49.451 [    INFO] (           server.py: 251) server started on [127.0.0.1]:42068
2026-05-29 17:49:49.550 [    INFO] (           server.py: 212) Added device [odmr_driver] with args: [] kwargs: {}.
2026-05-29 17:49:49.625 [   DEBUG] (        highlevel.py:2883) No visa library specified, trying to find alternatives.
2026-05-29 17:49:49.626 [   DEBUG] (        highlevel.py:2887) Environment variable PYVISA_LIBRARY is unset.
2026-05-29 17:49:49.633 [   DEBUG] (             util.py: 142) No user defined configuration
2026-05-29 17:49:49.639 [   DEBUG] (        highlevel.py:  97) Automatically found library files: [None, 'C:\\WINDOWS\\system32\\visa32.dll', 'C:\\WINDOWS\\system32\\visa32.dll', 'C:\\WINDOWS\\system32\\visa64.dll', 'C:\\WINDOWS\\system32\\visa64.dll']
2026-05-29 17:49:49.640 [   DEBUG] (             util.py: 100) No user defined library files
2026-05-29 17:49:49.641 [   DEBUG] (        highlevel.py:2847) The IVI implementation available
2026-05-29 17:49:49.641 [   DEBUG] (             util.py: 142) No user defined configuration
2026-05-29 17:49:49.647 [   DEBUG] (        highlevel.py:  97) Automatically found library files: [None, 'C:\\WINDOWS\\system32\\visa32.dll', 'C:\\WINDOWS\\system32\\visa32.dll', 'C:\\WINDOWS\\system32\\visa64.dll', 'C:\\WINDOWS\\system32\\visa64.dll']
2026-05-29 17:49:49.647 [   DEBUG] (             util.py: 100) No user defined library files
2026-05-29 17:49:49.651 [   DEBUG] (        highlevel.py: 174) Library signatures: 90 ok, 0 failed
2026-05-29 17:49:49.651 [   DEBUG] (        highlevel.py: 201) Created library wrapper for C:\WINDOWS\system32\visa32.dll
2026-05-29 17:49:49.710 [   DEBUG] (        highlevel.py: 186) viOpenDefaultRM('<ViObject object at 0x000002334940A250>',) -> 0
2026-05-29 17:49:49.711 [   DEBUG] (        highlevel.py:3019) Created ResourceManager with session 4097
2026-05-29 17:49:49.712 [   DEBUG] (        highlevel.py: 186) viParseRsrcEx(4097, 'USB0::0x1313::0x8072::1916964::INSTR', 'c_ushort(7)', 'c_ushort(0)', <ctypes.c_char_Array_256 object at 0x0000023349444AD0>, <ctypes.c_char_Array_256 object at 0x0000023349444B50>, <ctypes.c_char_Array_256 object at 0x0000023349444BD0>) -> 0
2026-05-29 17:49:49.713 [   DEBUG] (         resource.py: 277) USB0::0x1313::0x8072::1916964::0::INSTR - opening ...
2026-05-29 17:49:49.717 [   DEBUG] (        highlevel.py: 186) viOpen(4097, 'USB0::0x1313::0x8072::1916964::0::INSTR', <AccessModes.no_lock: 0>, 0, '<ViObject object at 0x0000023349444B50>') -> 0
2026-05-29 17:49:49.717 [   DEBUG] (         resource.py: 302) USB0::0x1313::0x8072::1916964::0::INSTR - is open with session 1
2026-05-29 17:49:49.718 [   DEBUG] (        highlevel.py: 186) viSetAttribute(1, 1073676314, 2000) -> 0
2026-05-29 17:49:49.718 [   DEBUG] (        highlevel.py: 186) viWrite(1, b'*IDN?\r\n', 7, 'c_ulong(7)') -> 0
2026-05-29 17:49:49.719 [   DEBUG] (     messagebased.py: 435) USB0::0x1313::0x8072::1916964::0::INSTR - reading 20480 bytes (last status <StatusCode.success_max_count_read: 1073676294>)
2026-05-29 17:49:49.720 [   DEBUG] (        highlevel.py: 186) viRead(1, <ctypes.c_char_Array_20480 object at 0x0000023349445150>, 20480, 'c_ulong(32)') -> 0
2026-05-29 17:49:49.720 [   DEBUG] (        highlevel.py: 186) viWrite(1, b'SYST:SENS:IDN?\r\n', 16, 'c_ulong(16)') -> 0
2026-05-29 17:49:49.720 [   DEBUG] (     messagebased.py: 435) USB0::0x1313::0x8072::1916964::0::INSTR - reading 20480 bytes (last status <StatusCode.success_max_count_read: 1073676294>)
2026-05-29 17:49:49.723 [   DEBUG] (        highlevel.py: 186) viRead(1, <ctypes.c_char_Array_20480 object at 0x00000233494451D0>, 20480, 'c_ulong(37)') -> 0
2026-05-29 17:49:49.724 [   DEBUG] (        highlevel.py: 186) viWrite(1, b'SENS:CORR:WAV?\r\n', 16, 'c_ulong(16)') -> 0
2026-05-29 17:49:49.724 [   DEBUG] (     messagebased.py: 435) USB0::0x1313::0x8072::1916964::0::INSTR - reading 20480 bytes (last status <StatusCode.success_max_count_read: 1073676294>)
2026-05-29 17:49:49.726 [   DEBUG] (        highlevel.py: 186) viRead(1, <ctypes.c_char_Array_20480 object at 0x00000233494454D0>, 20480, 'c_ulong(13)') -> 0
2026-05-29 17:49:49.726 [    INFO] (         PM100USB.py:  47) Connected to PM100USB [USB0::0x1313::0x8072::1916964::INSTR Thorlabs,PM100USB,1916964,1.7.0
].
2026-05-29 17:49:49.727 [    INFO] (           server.py: 212) Added device [powerMeter_driver] with args: ['USB0::0x1313::0x8072::1916964::INSTR'] kwargs: {}.
2026-05-29 17:49:49.863 [    INFO] (           server.py: 212) Added device [ni_analogTasks] with args: [] kwargs: {}.
2026-05-29 17:49:49.866 [    INFO] (           server.py: 212) Added device [ni_photonCounting] with args: [] kwargs: {}.
2026-05-29 17:49:50.015 [    INFO] (           server.py: 212) Added device [ni_motionControl] with args: [] kwargs: {}.
2026-05-29 17:49:50.178 [   DEBUG] (   connectionpool.py: 241) Starting new HTTP connection (1): 192.168.1.105:8050
2026-05-29 17:49:50.183 [   DEBUG] (   connectionpool.py: 544) http://192.168.1.105:8050 "POST /json-rpc HTTP/1.1" 200 None
2026-05-29 17:49:50.186 [   DEBUG] (   connectionpool.py: 241) Starting new HTTP connection (1): 192.168.1.105:8050
2026-05-29 17:49:50.190 [   DEBUG] (   connectionpool.py: 544) http://192.168.1.105:8050 "POST /json-rpc HTTP/1.1" 200 None
2026-05-29 17:49:50.191 [    INFO] (             PS82.py:  62) Connected to Swabian 8/2 Pulse Streamer [<PS82.PS82Instrument object at 0x000002334AD60350>].
2026-05-29 17:49:50.192 [    INFO] (           server.py: 212) Added device [pulseStreamer_driver] with args: ['192.168.1.105'] kwargs: {}.
2026-05-29 17:49:50.197 [    INFO] (           server.py: 212) Added device [srs_driver] with args: [] kwargs: {}.
2026-05-29 17:49:50.200 [   DEBUG] (        highlevel.py:2883) No visa library specified, trying to find alternatives.
2026-05-29 17:49:50.201 [   DEBUG] (        highlevel.py:2887) Environment variable PYVISA_LIBRARY is unset.
2026-05-29 17:49:50.201 [   DEBUG] (             util.py: 142) No user defined configuration
2026-05-29 17:49:50.206 [   DEBUG] (        highlevel.py:  97) Automatically found library files: [None, 'C:\\WINDOWS\\system32\\visa32.dll', 'C:\\WINDOWS\\system32\\visa32.dll', 'C:\\WINDOWS\\system32\\visa64.dll', 'C:\\WINDOWS\\system32\\visa64.dll']
2026-05-29 17:49:50.207 [   DEBUG] (             util.py: 100) No user defined library files
2026-05-29 17:49:50.207 [   DEBUG] (        highlevel.py:2847) The IVI implementation available
2026-05-29 17:49:50.208 [   DEBUG] (             util.py: 142) No user defined configuration
2026-05-29 17:49:50.213 [   DEBUG] (        highlevel.py:  97) Automatically found library files: [None, 'C:\\WINDOWS\\system32\\visa32.dll', 'C:\\WINDOWS\\system32\\visa32.dll', 'C:\\WINDOWS\\system32\\visa64.dll', 'C:\\WINDOWS\\system32\\visa64.dll']
2026-05-29 17:49:50.214 [   DEBUG] (             util.py: 100) No user defined library files
2026-05-29 17:49:50.214 [   DEBUG] (        highlevel.py:2996) Reusing ResourceManager with session 4097
2026-05-29 17:49:50.216 [   DEBUG] (        highlevel.py: 186) viParseRsrcEx(4097, 'GPIB1::19::INSTR', 'c_ushort(1)', 'c_ushort(1)', <ctypes.c_char_Array_256 object at 0x000002334BC2BD50>, <ctypes.c_char_Array_256 object at 0x000002334BC2BDD0>, <ctypes.c_char_Array_256 object at 0x000002334BC2BE50>) -> 0
2026-05-29 17:49:50.216 [   DEBUG] (         resource.py: 277) GPIB1::19::INSTR - opening ...
2026-05-29 17:49:50.299 [   DEBUG] (        highlevel.py: 186) viOpen(4097, 'GPIB1::19::INSTR', <AccessModes.no_lock: 0>, 0, '<ViObject object at 0x000002334BC2BD50>') -> 0
2026-05-29 17:49:50.300 [   DEBUG] (         resource.py: 302) GPIB1::19::INSTR - is open with session 2
2026-05-29 17:49:50.301 [   DEBUG] (        highlevel.py: 186) viSetAttribute(2, 1073676314, 2000) -> 0
2026-05-29 17:49:50.302 [   DEBUG] (        highlevel.py: 186) viWrite(2, b'*IDN?\r\n', 7, 'c_ulong(7)') -> 0
2026-05-29 17:49:50.302 [   DEBUG] (     messagebased.py: 435) GPIB1::19::INSTR - reading 20480 bytes (last status <StatusCode.success_max_count_read: 1073676294>)
2026-05-29 17:49:50.304 [   DEBUG] (        highlevel.py: 186) viRead(2, <ctypes.c_char_Array_20480 object at 0x000002334BC98450>, 20480, 'c_ulong(50)') -> 0
2026-05-29 17:49:50.305 [    INFO] (           e8257d.py:  45) Connected to E8257D [GPIB1::19::INSTR Agilent Technologies, E8257D, MY46410278, C.04.71
].
2026-05-29 17:49:50.305 [    INFO] (           server.py: 212) Added device [e8257d_driver2] with args: ['GPIB1::19::INSTR'] kwargs: {}.
2026-05-29 17:49:50.349 [    INFO] (           server.py: 157) accepted ('127.0.0.1', 63016) with fd 1812
2026-05-29 17:49:50.350 [    INFO] (           server.py: 200) welcome ('127.0.0.1', 63016)
2026-05-29 17:49:50.350 [    INFO] (           server.py: 352) Client <rpyc.core.protocol.Connection 'conn1' object at 0x000002334BC89610> connected.
